Processing fablab_esp32s3 (platform: espressif32; board: esp32-s3-devkitc-1; framework: arduino; board_build.flash_size: 16MB; board_build.partitions: partitions.csv; board_build.flash_mode: qio; board_build.psram_type: opi; board_upload.flash_size: 16MB; board_build.filesystem: littlefs; upload_speed: 921600; monitor_speed: 115200; monitor_filters: esp32_exception_decoder; build_flags: -DBOARD_HAS_PSRAM, -mfix-esp32-psram-cache-issue, -DLV_CONF_INCLUDE_SIMPLE, -D LV_CONF_PATH=lv_conf.h, -DARDUINO_LOOP_STACK_SIZE=16384, -O2; lib_deps: lvgl/lvgl @ ^8.3.11, bblanchon/ArduinoJson @ ^7.2.0, esphome/AsyncTCP-esphome @ ^2.1.4, esphome/ESPAsyncWebServer-esphome @ ^3.2.2, miguelbalboa/MFRC522 @ ^1.4.11, arduino-libraries/NTPClient @ ^3.2.1; lib_ldf_mode: deep)
--------------------------------------------------------------------------------
CONFIGURATION: https://docs.platformio.org/page/boards/espressif32/esp32-s3-devkitc-1.html
PLATFORM: Espressif 32 (6.13.0) > Espressif ESP32-S3-DevKitC-1-N8 (8 MB QD, No PSRAM)
HARDWARE: ESP32S3 240MHz, 320KB RAM, 8MB Flash
DEBUG: Current (esp-builtin) On-board (esp-builtin) External (cmsis-dap, esp-bridge, esp-prog, iot-bus-jtag, jlink, minimodule, olimex-arm-usb-ocd, olimex-arm-usb-ocd-h, olimex-arm-usb-tiny-h, olimex-jtag-tiny, tumpa)
PACKAGES: 
 - framework-arduinoespressif32 @ 3.20017.241212+sha.dcc1105b 
 - tool-esptoolpy @ 2.41100.0 (4.11.0) 
 - toolchain-riscv32-esp @ 8.4.0+2021r2-patch5 
 - toolchain-xtensa-esp32s3 @ 8.4.0+2021r2-patch5
LDF: Library Dependency Finder -> https://bit.ly/configure-pio-ldf
LDF Modes: Finder ~ deep, Compatibility ~ soft
Found 39 compatible libraries
Scanning dependencies...
Warning: Ignored `ESPAsyncTCP-esphome` dependency for `ESPAsyncWebServer-esphome` library
Warning: Ignored `Hash` dependency for `ESPAsyncWebServer-esphome` library
Warning: Ignored `ESP8266WiFi` dependency for `ESPAsyncWebServer-esphome` library
Dependency Graph
|-- lvgl @ 8.4.0 (License: MIT, Path: C:\Users\Zanci19\Desktop\fablab\esp32-firmware\.pio\libdeps\fablab_esp32s3\lvgl)
|-- ArduinoJson @ 7.4.3 (License: Unknown, Path: C:\Users\Zanci19\Desktop\fablab\esp32-firmware\.pio\libdeps\fablab_esp32s3\ArduinoJson)
|-- AsyncTCP-esphome @ 2.1.4 (License: LGPL-3.0, Path: C:\Users\Zanci19\Desktop\fablab\esp32-firmware\.pio\libdeps\fablab_esp32s3\AsyncTCP-esphome)
|-- ESPAsyncWebServer-esphome @ 3.4.0 (License: LGPL-3.0, Path: C:\Users\Zanci19\Desktop\fablab\esp32-firmware\.pio\libdeps\fablab_esp32s3\ESPAsyncWebServer-esphome)
|   |-- AsyncTCP-esphome @ 2.1.4 (License: LGPL-3.0, Path: C:\Users\Zanci19\Desktop\fablab\esp32-firmware\.pio\libdeps\fablab_esp32s3\AsyncTCP-esphome)
|   |-- FS @ 2.0.0 (License: Unknown, Path: C:\Users\Zanci19\.platformio\packages\framework-arduinoespressif32\libraries\FS)
|   |-- WiFi @ 2.0.0 (License: Unknown, Path: C:\Users\Zanci19\.platformio\packages\framework-arduinoespressif32\libraries\WiFi)
|-- MFRC522 @ 1.4.12 (License: Unlicense, Path: C:\Users\Zanci19\Desktop\fablab\esp32-firmware\.pio\libdeps\fablab_esp32s3\MFRC522)
|   |-- SPI @ 2.0.0 (License: Unknown, Path: C:\Users\Zanci19\.platformio\packages\framework-arduinoespressif32\libraries\SPI)
|-- NTPClient @ 3.2.1 (License: Unknown, Path: C:\Users\Zanci19\Desktop\fablab\esp32-firmware\.pio\libdeps\fablab_esp32s3\NTPClient)
|-- LittleFS @ 2.0.0 (License: Unknown, Path: C:\Users\Zanci19\.platformio\packages\framework-arduinoespressif32\libraries\LittleFS)
|   |-- FS @ 2.0.0 (License: Unknown, Path: C:\Users\Zanci19\.platformio\packages\framework-arduinoespressif32\libraries\FS)
|-- Wire @ 2.0.0 (License: Unknown, Path: C:\Users\Zanci19\.platformio\packages\framework-arduinoespressif32\libraries\Wire)
|-- WiFi @ 2.0.0 (License: Unknown, Path: C:\Users\Zanci19\.platformio\packages\framework-arduinoespressif32\libraries\WiFi)
|-- SPI @ 2.0.0 (License: Unknown, Path: C:\Users\Zanci19\.platformio\packages\framework-arduinoespressif32\libraries\SPI)
Building in release mode
Using tempfile C:\Users\Zanci19\Desktop\fablab\esp32-firmware\.pio\build\fablab_esp32s3\tmpg4zavgbm.tmp for command line:
xtensa-esp32s3-elf-g++ -o .pio/build/fablab_esp32s3/firmware.elf -mlongcalls -Wl,--cref -Wl,--gc-sections -fno-rtti -fno-lto -Wl,--wrap=esp_log_write -Wl,--wrap=esp_log_writev -Wl,--wrap=log_printf -Wl,--wrap=longjmp -Wl,--undefined=uxTopUsedPriority -T memory.ld -T sections.ld -T esp32s3.rom.ld -T esp32s3.rom.api.ld -T esp32s3.rom.libgcc.ld -T esp32s3.rom.newlib.ld -T esp32s3.rom.version.ld -T esp32s3.rom.newlib-time.ld -T esp32s3.peripherals.ld -u _Z5setupv -u _Z4loopv -u esp_app_desc -u pthread_include_pthread_impl -u pthread_include_pthread_cond_var_impl -u pthread_include_pthread_local_storage_impl -u pthread_include_pthread_rwlock_impl -u include_esp_phy_override -u ld_include_highint_hdl -u start_app -u start_app_other_cores -u __ubsan_include -u __assert_func -u vfs_include_syscalls_impl -u app_main -u newlib_include_heap_impl -u newlib_include_syscalls_impl -u newlib_include_pthread_impl -u newlib_include_assert_impl -u __cxa_guard_dummy -Wl,-Map="C:/Users/Zanci19/Desktop/fablab/esp32-firmware/.pio/build/fablab_esp32s3/firmware.map" .pio/build/fablab_esp32s3/src/api_server.cpp.o .pio/build/fablab_esp32s3/src/display.cpp.o .pio/build/fablab_esp32s3/src/main.cpp.o .pio/build/fablab_esp32s3/src/nfc_reader.cpp.o .pio/build/fablab_esp32s3/src/storage.cpp.o .pio/build/fablab_esp32s3/src/ui.cpp.o -L.pio/build/fablab_esp32s3 -LC:/Users/Zanci19/.platformio/packages/framework-arduinoespressif32/tools/sdk/esp32s3/lib -LC:/Users/Zanci19/.platformio/packages/framework-arduinoespressif32/tools/sdk/esp32s3/ld -LC:/Users/Zanci19/.platformio/packages/framework-arduinoespressif32/tools/sdk/esp32s3/qio_qspi -Wl,--start-group .pio/build/fablab_esp32s3/lib503/liblvgl.a .pio/build/fablab_esp32s3/lib292/libAsyncTCP-esphome.a .pio/build/fablab_esp32s3/lib278/libFS.a .pio/build/fablab_esp32s3/lib980/libWiFi.a .pio/build/fablab_esp32s3/liba97/libESPAsyncWebServer-esphome.a .pio/build/fablab_esp32s3/libd1d/libSPI.a .pio/build/fablab_esp32s3/libe5e/libMFRC522.a .pio/build/fablab_esp32s3/libecf/libNTPClient.a .pio/build/fablab_esp32s3/lib4a9/libLittleFS.a .pio/build/fablab_esp32s3/libe46/libWire.a .pio/build/fablab_esp32s3/libFrameworkArduino.a -lesp_ringbuf -lefuse -lesp_ipc -ldriver -lesp_pm -lmbedtls -lapp_update -lbootloader_support -lspi_flash -lnvs_flash -lpthread -lesp_gdbstub -lespcoredump -lesp_phy -lesp_system -lesp_rom -lhal -lvfs -lesp_eth -ltcpip_adapter -lesp_netif -lesp_event -lwpa_supplicant -lesp_wifi -lconsole -llwip -llog -lheap -lsoc -lesp_hw_support -lxtensa -lesp_common -lesp_timer -lfreertos -lnewlib -lcxx -lapp_trace -lasio -lbt -lcbor -lunity -lcmock -lcoap -lnghttp -lesp-tls -lesp_adc_cal -lesp_hid -ltcp_transport -lesp_http_client -lesp_http_server -lesp_https_ota -lesp_https_server -lesp_lcd -lprotobuf-c -lprotocomm -lmdns -lesp_local_ctrl -lsdmmc -lesp_serial_slave_link -lesp_websocket_client -lexpat -lwear_levelling -lfatfs -lfreemodbus -ljsmn -ljson -llibsodium -lmqtt -lopenssl -lperfmon -lspiffs -lusb -lulp -lwifi_provisioning -lrmaker_common -lesp_diagnostics -lrtc_store -lesp_insights -ljson_parser -ljson_generator -lesp_schedule -lespressif__esp_secure_cert_mgr -lesp_rainmaker -lgpio_button -lqrcode -lws2812_led -lesp32-camera -lesp_littlefs -lespressif__esp-dsp -lfb_gfx -lasio -lcmock -lunity -lcoap -lesp_lcd -lesp_websocket_client -lexpat -lfreemodbus -ljsmn -llibsodium -lperfmon -lusb -lesp_adc_cal -lesp_hid -lfatfs -lwear_levelling -lopenssl -lspiffs -lesp_insights -lcbor -lesp_diagnostics -lrtc_store -lesp_rainmaker -lesp_local_ctrl -lesp_https_server -lwifi_provisioning -lprotocomm -lbt -lbtdm_app -lprotobuf-c -lmdns -ljson -ljson_parser -ljson_generator -lesp_schedule -lespressif__esp_secure_cert_mgr -lqrcode -lrmaker_common -lmqtt -larduino_tinyusb -lcat_face_detect -lhuman_face_detect -lcolor_detect -lmfn -ldl -lesp_ringbuf -lefuse -lesp_ipc -ldriver -lesp_pm -lmbedtls -lapp_update -lbootloader_support -lspi_flash -lnvs_flash -lpthread -lesp_gdbstub -lespcoredump -lesp_phy -lesp_system -lesp_rom -lhal -lvfs -lesp_eth -ltcpip_adapter -lesp_netif -lesp_event -lwpa_supplicant -lesp_wifi -lconsole -llwip -llog -lheap -lsoc -lesp_hw_support -lxtensa -lesp_common -lesp_timer -lfreertos -lnewlib -lcxx -lapp_trace -lnghttp -lesp-tls -ltcp_transport -lesp_http_client -lesp_http_server -lesp_https_ota -lsdmmc -lesp_serial_slave_link -lulp -lmbedtls_2 -lmbedcrypto -lmbedx509 -lcoexist -lcore -lespnow -lmesh -lnet80211 -lpp -lsmartconfig -lwapi -lesp_ringbuf -lefuse -lesp_ipc -ldriver -lesp_pm -lmbedtls -lapp_update -lbootloader_support -lspi_flash -lnvs_flash -lpthread -lesp_gdbstub -lespcoredump -lesp_phy -lesp_system -lesp_rom -lhal -lvfs -lesp_eth -ltcpip_adapter -lesp_netif -lesp_event -lwpa_supplicant -lesp_wifi -lconsole -llwip -llog -lheap -lsoc -lesp_hw_support -lxtensa -lesp_common -lesp_timer -lfreertos -lnewlib -lcxx -lapp_trace -lnghttp -lesp-tls -ltcp_transport -lesp_http_client -lesp_http_server -lesp_https_ota -lsdmmc -lesp_serial_slave_link -lulp -lmbedtls_2 -lmbedcrypto -lmbedx509 -lcoexist -lcore -lespnow -lmesh -lnet80211 -lpp -lsmartconfig -lwapi -lesp_ringbuf -lefuse -lesp_ipc -ldriver -lesp_pm -lmbedtls -lapp_update -lbootloader_support -lspi_flash -lnvs_flash -lpthread -lesp_gdbstub -lespcoredump -lesp_phy -lesp_system -lesp_rom -lhal -lvfs -lesp_eth -ltcpip_adapter -lesp_netif -lesp_event -lwpa_supplicant -lesp_wifi -lconsole -llwip -llog -lheap -lsoc -lesp_hw_support -lxtensa -lesp_common -lesp_timer -lfreertos -lnewlib -lcxx -lapp_trace -lnghttp -lesp-tls -ltcp_transport -lesp_http_client -lesp_http_server -lesp_https_ota -lsdmmc -lesp_serial_slave_link -lulp -lmbedtls_2 -lmbedcrypto -lmbedx509 -lcoexist -lcore -lespnow -lmesh -lnet80211 -lpp -lsmartconfig -lwapi -lesp_ringbuf -lefuse -lesp_ipc -ldriver -lesp_pm -lmbedtls -lapp_update -lbootloader_support -lspi_flash -lnvs_flash -lpthread -lesp_gdbstub -lespcoredump -lesp_phy -lesp_system -lesp_rom -lhal -lvfs -lesp_eth -ltcpip_adapter -lesp_netif -lesp_event -lwpa_supplicant -lesp_wifi -lconsole -llwip -llog -lheap -lsoc -lesp_hw_support -lxtensa -lesp_common -lesp_timer -lfreertos -lnewlib -lcxx -lapp_trace -lnghttp -lesp-tls -ltcp_transport -lesp_http_client -lesp_http_server -lesp_https_ota -lsdmmc -lesp_serial_slave_link -lulp -lmbedtls_2 -lmbedcrypto -lmbedx509 -lcoexist -lcore -lespnow -lmesh -lnet80211 -lpp -lsmartconfig -lwapi -lesp_ringbuf -lefuse -lesp_ipc -ldriver -lesp_pm -lmbedtls -lapp_update -lbootloader_support -lspi_flash -lnvs_flash -lpthread -lesp_gdbstub -lespcoredump -lesp_phy -lesp_system -lesp_rom -lhal -lvfs -lesp_eth -ltcpip_adapter -lesp_netif -lesp_event -lwpa_supplicant -lesp_wifi -lconsole -llwip -llog -lheap -lsoc -lesp_hw_support -lxtensa -lesp_common -lesp_timer -lfreertos -lnewlib -lcxx -lapp_trace -lnghttp -lesp-tls -ltcp_transport -lesp_http_client -lesp_http_server -lesp_https_ota -lsdmmc -lesp_serial_slave_link -lulp -lmbedtls_2 -lmbedcrypto -lmbedx509 -lcoexist -lcore -lespnow -lmesh -lnet80211 -lpp -lsmartconfig -lwapi -lesp_ringbuf -lefuse -lesp_ipc -ldriver -lesp_pm -lmbedtls -lapp_update -lbootloader_support -lspi_flash -lnvs_flash -lpthread -lesp_gdbstub -lespcoredump -lesp_phy -lesp_system -lesp_rom -lhal -lvfs -lesp_eth -ltcpip_adapter -lesp_netif -lesp_event -lwpa_supplicant -lesp_wifi -lconsole -llwip -llog -lheap -lsoc -lesp_hw_support -lxtensa -lesp_common -lesp_timer -lfreertos -lnewlib -lcxx -lapp_trace -lnghttp -lesp-tls -ltcp_transport -lesp_http_client -lesp_http_server -lesp_https_ota -lsdmmc -lesp_serial_slave_link -lulp -lmbedtls_2 -lmbedcrypto -lmbedx509 -lcoexist -lcore -lespnow -lmesh -lnet80211 -lpp -lsmartconfig -lwapi -lphy -lbtbb -lesp_phy -lphy -lbtbb -lesp_phy -lphy -lbtbb -lxt_hal -lc -lm -lnewlib -lstdc++ -lpthread -lgcc -lcxx -Wl,--end-group
xtensa-esp32s3-elf-g++ @C:\Users\Zanci19\Desktop\fablab\esp32-firmware\.pio\build\fablab_esp32s3\tmpg4zavgbm.tmp
c:/users/zanci19/.platformio/packages/toolchain-xtensa-esp32s3/bin/../lib/gcc/xtensa-esp32s3-elf/8.4.0/../../../../xtensa-esp32s3-elf/bin/ld.exe: .pio/build/fablab_esp32s3/src/ui.cpp.o:(.literal._Z7ui_initv+0x1c): undefined reference to `lv_font_montserrat_16'
c:/users/zanci19/.platformio/packages/toolchain-xtensa-esp32s3/bin/../lib/gcc/xtensa-esp32s3-elf/8.4.0/../../../../xtensa-esp32s3-elf/bin/ld.exe: .pio/build/fablab_esp32s3/src/ui.cpp.o:(.literal._Z7ui_initv+0x28): undefined reference to `lv_font_montserrat_20'
c:/users/zanci19/.platformio/packages/toolchain-xtensa-esp32s3/bin/../lib/gcc/xtensa-esp32s3-elf/8.4.0/../../../../xtensa-esp32s3-elf/bin/ld.exe: .pio/build/fablab_esp32s3/src/ui.cpp.o:(.literal._Z7ui_initv+0x44): undefined reference to `lv_font_montserrat_48'
c:/users/zanci19/.platformio/packages/toolchain-xtensa-esp32s3/bin/../lib/gcc/xtensa-esp32s3-elf/8.4.0/../../../../xtensa-esp32s3-elf/bin/ld.exe: .pio/build/fablab_esp32s3/src/ui.cpp.o:(.literal._Z7ui_initv+0x5c): undefined reference to `lv_font_montserrat_12'
c:/users/zanci19/.platformio/packages/toolchain-xtensa-esp32s3/bin/../lib/gcc/xtensa-esp32s3-elf/8.4.0/../../../../xtensa-esp32s3-elf/bin/ld.exe: .pio/build/fablab_esp32s3/src/ui.cpp.o:(.literal._Z7ui_initv+0x6c): undefined reference to `lv_font_montserrat_32'
c:/users/zanci19/.platformio/packages/toolchain-xtensa-esp32s3/bin/../lib/gcc/xtensa-esp32s3-elf/8.4.0/../../../../xtensa-esp32s3-elf/bin/ld.exe: .pio/build/fablab_esp32s3/src/ui.cpp.o:(.literal._Z7ui_initv+0x90): undefined reference to `lv_font_montserrat_24'
c:/users/zanci19/.platformio/packages/toolchain-xtensa-esp32s3/bin/../lib/gcc/xtensa-esp32s3-elf/8.4.0/../../../../xtensa-esp32s3-elf/bin/ld.exe: .pio/build/fablab_esp32s3/src/ui.cpp.o:(.literal._Z7ui_initv+0xa8): undefined reference to `lv_font_montserrat_40'
collect2.exe: error: ld returned 1 exit status
*** [.pio\build\fablab_esp32s3\firmware.elf] Error 1
========================= [FAILED] Took 10.66 seconds =========================
